// Jest Snapshot v1, https://goo.gl/fbAQLP

exports[`Render LogPanel 1`] = `
<div>
  <div
    class="MuiBox-root css-1e4trel"
  />
</div>
`;
