// Jest Snapshot v1, https://goo.gl/fbAQLP

exports[`Render NoticeProvider 1`] = `
<div>
  <div
    id="root-container"
  >
    <div
      class="notistack-SnackbarContainer go1453831412 go4027089540 go1141946668"
    >
      <div
        class="go1475592160 go1671063245"
        style="pointer-events: all; overflow: visible; min-height: 0px; transition: height 300ms cubic-bezier(0.4, 0, 0.2, 1) 0ms;"
      >
        <div
          class="notistack-CollapseWrapper"
          style="display: flex; width: 100%;"
        >
          <div
            class="notistack-Snackbar go3963613292"
          >
            <div
              aria-describedby="notistack-snackbar"
              class="go1888806478 notistack-MuiContent notistack-MuiContent-error go167266335 go3651055292  css-6ods1o go3162094071"
              role="alert"
              style="webkit-transform: none; transform: none; webkit-transition: -webkit-transform 225ms cubic-bezier(0.0, 0, 0.2, 1) 0ms; transition: transform 225ms cubic-bezier(0.0, 0, 0.2, 1) 0ms;"
            >
              <div
                class="go946087465"
                id="notistack-snackbar"
              >
                <svg
                  focusable="false"
                  style="font-size: 20px; margin-inline-end: 8px; user-select: none; width: 1em; height: 1em; display: inline-block; fill: currentColor; flex-shrink: 0;"
                  viewBox="0 0 24 24"
                >
                  <path
                    d="M12,2C17.53,2 22,6.47 22,12C22,17.53 17.53,22 12,22C6.47,22 2,17.53 2,12C2,
        6.47 6.47,2 12,2M15.59,7L12,10.59L8.41,7L7,8.41L10.59,12L7,15.59L8.41,17L12,
        13.41L15.59,17L17,15.59L13.41,12L17,8.41L15.59,7Z"
                  />
                </svg>
                testError
              </div>
            </div>
          </div>
        </div>
      </div>
      <div
        class="go1475592160 go1671063245"
        style="pointer-events: all; overflow: visible; min-height: 0px; transition: height 300ms cubic-bezier(0.4, 0, 0.2, 1) 0ms;"
      >
        <div
          class="notistack-CollapseWrapper"
          style="display: flex; width: 100%;"
        >
          <div
            class="notistack-Snackbar go3963613292"
          >
            <div
              aria-describedby="notistack-snackbar"
              class="go1888806478 notistack-MuiContent notistack-MuiContent-success go167266335 go1725278324  css-6ods1o go3162094071"
              role="alert"
              style="webkit-transform: none; transform: none; webkit-transition: -webkit-transform 225ms cubic-bezier(0.0, 0, 0.2, 1) 0ms; transition: transform 225ms cubic-bezier(0.0, 0, 0.2, 1) 0ms;"
            >
              <div
                class="go946087465"
                id="notistack-snackbar"
              >
                <svg
                  focusable="false"
                  style="font-size: 20px; margin-inline-end: 8px; user-select: none; width: 1em; height: 1em; display: inline-block; fill: currentColor; flex-shrink: 0;"
                  viewBox="0 0 24 24"
                >
                  <path
                    d="M12 2C6.5 2 2 6.5 2 12S6.5 22 12 22 22 17.5 22 12 17.5 2 12 2M10 17L5 12L6.41
        10.59L10 14.17L17.59 6.58L19 8L10 17Z"
                  />
                </svg>
                testSuccess
              </div>
            </div>
          </div>
        </div>
      </div>
      <div
        class="go1475592160 go1671063245"
        style="pointer-events: all; overflow: visible; min-height: 0px; transition: height 300ms cubic-bezier(0.4, 0, 0.2, 1) 0ms;"
      >
        <div
          class="notistack-CollapseWrapper"
          style="display: flex; width: 100%;"
        >
          <div
            class="notistack-Snackbar go3963613292"
          >
            <div
              aria-describedby="notistack-snackbar"
              class="go1888806478 notistack-MuiContent notistack-MuiContent-info go167266335 go1930647212 go3162094071"
              role="alert"
              style="webkit-transform: none; transform: none; webkit-transition: -webkit-transform 225ms cubic-bezier(0.0, 0, 0.2, 1) 0ms; transition: transform 225ms cubic-bezier(0.0, 0, 0.2, 1) 0ms;"
            >
              <div
                class="go946087465"
                id="notistack-snackbar"
              >
                <svg
                  focusable="false"
                  style="font-size: 20px; margin-inline-end: 8px; user-select: none; width: 1em; height: 1em; display: inline-block; fill: currentColor; flex-shrink: 0;"
                  viewBox="0 0 24 24"
                >
                  <path
                    d="M13,9H11V7H13M13,17H11V11H13M12,2A10,10 0 0,0 2,12A10,10 0 0,0 12,22A10,10 0 0,
        0 22,12A10,10 0 0,0 12,2Z"
                  />
                </svg>
                testInfo
              </div>
            </div>
          </div>
        </div>
      </div>
    </div>
  </div>
</div>
`;
